> pmisfa5

Call:
sfa(formula = log(Output) ~ log(Labour) + log(Ca) + log(Cb) +      log(Cc) + log(Cd), data = ppmi4, timeEffect = T)

Maximum likelihood estimates
(Intercept)  log(Labour)      log(Ca)      log(Cb)      log(Cc)      log(Cd)      sigmaSq        gamma  
 -11.702133     0.229906     0.671961     0.113157    -0.088659    -0.047246     0.516929     0.907802  
       time  
   0.001421  
> summary(pmisfa5)
Error Components Frontier (see Battese & Coelli 1992)
Inefficiency decreases the endogenous variable (as in a production function)
The dependent variable is logged
Iterative ML estimation terminated after 23 iterations:
log likelihood values and parameters of two successive iterations
are within the tolerance limit

final maximum likelihood estimates
               Estimate  Std. Error  z value Pr(>|z|)    
(Intercept) -11.7021334   1.1460290 -10.2110  < 2e-16 ***
log(Labour)   0.2299064   0.0818469   2.8090  0.00497 ** 
log(Ca)       0.6719614   0.0633091  10.6140  < 2e-16 ***
log(Cb)       0.1131566   0.0533490   2.1211  0.03392 *  
log(Cc)      -0.0886589   0.0364411  -2.4329  0.01498 *  
log(Cd)      -0.0472456   0.0437986  -1.0787  0.28072    
sigmaSq       0.5169290   0.2482660   2.0822  0.03733 *  
gamma         0.9078017   0.0535669  16.9471  < 2e-16 ***
time          0.0014213   0.0280647   0.0506  0.95961    
---
Signif. codes:  0 ‘***’ 0.001 ‘**’ 0.01 ‘*’ 0.05 ‘.’ 0.1 ‘ ’ 1
log likelihood value: -14.38784 

panel data
number of cross-sections = 17 
number of time periods = 5 
total number of observations = 85 
thus there are 0 observations not in the panel

mean efficiency of each year
     2011      2012      2013      2014      2015 
0.5691086 0.5695246 0.5699403 0.5703559 0.5707713 

mean efficiency: 0.5699402 
> efficiencies(pmisfa5)
        2011      2012      2013      2014      2015
10 0.7399344 0.7402462 0.7405576 0.7408687 0.7411795
11 0.8970793 0.8972144 0.8973494 0.8974842 0.8976189
12 0.9556684 0.9557289 0.9557894 0.9558497 0.9559100
13 0.4167223 0.4172379 0.4177535 0.4182689 0.4187843
14 0.5238732 0.5243509 0.5248285 0.5253058 0.5257828
15 0.6332101 0.6336170 0.6340235 0.6344298 0.6348357
16 0.4464770 0.4469857 0.4474942 0.4480026 0.4485108
17 0.5285740 0.5290494 0.5295245 0.5299993 0.5304740
18 0.3959061 0.3964248 0.3969435 0.3974621 0.3979806
19 0.3917682 0.3922874 0.3928065 0.3933255 0.3938445
20 0.6604244 0.6608092 0.6611938 0.6615780 0.6619619
21 0.5832350 0.5836779 0.5841205 0.5845628 0.5850049
22 0.5197167 0.5201965 0.5206761 0.5211555 0.5216347
23 0.7212005 0.7215305 0.7218603 0.7221898 0.7225189
25 0.2994515 0.2999628 0.3004742 0.3009858 0.3014975
31 0.5051841 0.5056709 0.5061575 0.5066438 0.5071300
32 0.4564218 0.4569275 0.4574330 0.4579384 0.4584436
> efficiencies(pmisfa5,asInData = T)
  10-2011   10-2012   10-2013   10-2014   10-2015   11-2011   11-2012   11-2013   11-2014   11-2015   12-2011 
0.7399344 0.7402462 0.7405576 0.7408687 0.7411795 0.8970793 0.8972144 0.8973494 0.8974842 0.8976189 0.9556684 
  12-2012   12-2013   12-2014   12-2015   13-2011   13-2012   13-2013   13-2014   13-2015   14-2011   14-2012 
0.9557289 0.9557894 0.9558497 0.9559100 0.4167223 0.4172379 0.4177535 0.4182689 0.4187843 0.5238732 0.5243509 
  14-2013   14-2014   14-2015   15-2011   15-2012   15-2013   15-2014   15-2015   16-2011   16-2012   16-2013 
0.5248285 0.5253058 0.5257828 0.6332101 0.6336170 0.6340235 0.6344298 0.6348357 0.4464770 0.4469857 0.4474942 
  16-2014   16-2015   17-2011   17-2012   17-2013   17-2014   17-2015   18-2011   18-2012   18-2013   18-2014 
0.4480026 0.4485108 0.5285740 0.5290494 0.5295245 0.5299993 0.5304740 0.3959061 0.3964248 0.3969435 0.3974621 
  18-2015   19-2011   19-2012   19-2013   19-2014   19-2015   20-2011   20-2012   20-2013   20-2014   20-2015 
0.3979806 0.3917682 0.3922874 0.3928065 0.3933255 0.3938445 0.6604244 0.6608092 0.6611938 0.6615780 0.6619619 
  21-2011   21-2012   21-2013   21-2014   21-2015   22-2011   22-2012   22-2013   22-2014   22-2015   23-2011 
0.5832350 0.5836779 0.5841205 0.5845628 0.5850049 0.5197167 0.5201965 0.5206761 0.5211555 0.5216347 0.7212005 
  23-2012   23-2013   23-2014   23-2015   25-2011   25-2012   25-2013   25-2014   25-2015   31-2011   31-2012 
0.7215305 0.7218603 0.7221898 0.7225189 0.2994515 0.2999628 0.3004742 0.3009858 0.3014975 0.5051841 0.5056709 
  31-2013   31-2014   31-2015   32-2011   32-2012   32-2013   32-2014   32-2015 
0.5061575 0.5066438 0.5071300 0.4564218 0.4569275 0.4574330 0.4579384 0.4584436 


> pmisfa7

Call:
sfa(formula = LogOutput ~ LogLabour + LogaCa + LogCb + LogCc +      LogCd + LogLa + LogLLogCa + LogLLogCb + LogLLogCc + LogLLogCd +      LogCaa + LogCaLogCb + LogCaLogCc + LogCaLogCd + LogCba +      LogCbLog.Cc + LogCbLogCd + LogCca + LogCcLogCd + LogCda,      data = ppmi4, timeEffect = T)

Maximum likelihood estimates
(Intercept)    LogLabour       LogaCa        LogCb        LogCc        LogCd        LogLa    LogLLogCa  
   27.83495      8.24916     -0.27563      0.22395     -2.22964     -4.79778      0.53017     -0.10133  
  LogLLogCb    LogLLogCc    LogLLogCd       LogCaa   LogCaLogCb   LogCaLogCc   LogCaLogCd       LogCba  
   -0.13374     -0.12586     -0.54310      0.16380     -0.21341      0.21651     -0.22765      0.08545  
LogCbLog.Cc   LogCbLogCd       LogCca   LogCcLogCd       LogCda      sigmaSq        gamma         time  
   -0.29238      0.30213      0.11837      0.09369      0.20583      0.04088      0.86500      0.09941 
> summary(pmisfa7)
Error Components Frontier (see Battese & Coelli 1992)
Inefficiency decreases the endogenous variable (as in a production function)
The dependent variable is logged
Iterative ML estimation terminated after 45 iterations:
log likelihood values and parameters of two successive iterations
are within the tolerance limit

final maximum likelihood estimates
                     Estimate Std. Error z value  Pr(>|z|)    
(Intercept)          27.834949  13.170549  2.1134  0.034565 *  
Log(Labour)          8.249161   2.898239  2.8463  0.004424 ** 
Loga(Ca)            -0.275634   2.188920 -0.1259  0.899793    
Log(Cb)              0.223955   1.459302  0.1535  0.878030    
Log(Cc)             -2.229640   0.813475 -2.7409  0.006127 ** 
Log(Cd)             -4.797777   1.598939 -3.0006  0.002694 ** 
Log(Labour)^2        0.530172   0.156787  3.3815  0.000721 ***
LogLLogCa   -0.101332   0.286900 -0.3532  0.723940    
LogLLogCb   -0.133744   0.216966 -0.6164  0.537613    
LogLLogCc   -0.125862   0.112530 -1.1185  0.263366    
LogLLogCd   -0.543099   0.179132 -3.0318  0.002431 ** 
LogCaa       0.163804   0.084426  1.9402  0.052356 .  
LogCaLogCb  -0.213408   0.211563 -1.0087  0.313108    
LogCaLogCc   0.216507   0.116141  1.8642  0.062298 .  
LogCaLogCd  -0.227654   0.218289 -1.0429  0.296993    
LogCba       0.085448   0.126910  0.6733  0.500759    
LogCbLog.Cc -0.292382   0.098994 -2.9535  0.003142 ** 
LogCbLogCd   0.302127   0.158733  1.9034  0.056992 .  
LogCca       0.118372   0.060661  1.9514  0.051012 .  
LogCcLogCd   0.093686   0.109199  0.8579  0.390926    
LogCda       0.205827   0.077503  2.6557  0.007914 ** 
sigmaSq      0.040875   0.023029  1.7750  0.075902 .  
gamma        0.864997   0.084651 10.2184 < 2.2e-16 ***
time         0.099413   0.046789  2.1247  0.033611 *  
---
Signif. codes:  0 ‘***’ 0.001 ‘**’ 0.01 ‘*’ 0.05 ‘.’ 0.1 ‘ ’ 1
log likelihood value: 76.94998 

panel data
number of cross-sections = 17 
number of time periods = 5 
total number of observations = 85 
thus there are 0 observations not in the panel

mean efficiency of each year
     2011      2012      2013      2014      2015 
0.7967671 0.8133503 0.8287942 0.8431404 0.8564359 

mean efficiency: 0.8276976 
> efficiencies(pmisfa7)
        2011      2012      2013      2014      2015
10 0.7475633 0.7683800 0.7877357 0.8056880 0.8223006
11 0.9643848 0.9676721 0.9706631 0.9733831 0.9758557
12 0.9770859 0.9792162 0.9811518 0.9829097 0.9845059
13 0.7460826 0.7670020 0.7864566 0.8045034 0.8212059
14 0.8145706 0.8304794 0.8451607 0.8586848 0.8711227
15 0.8004775 0.8174601 0.8331561 0.8476349 0.8609673
16 0.7501300 0.7707681 0.7899520 0.8077400 0.8241965
17 0.8045329 0.8212087 0.8366144 0.8508197 0.8638956
18 0.7048000 0.7284753 0.7506045 0.7712263 0.7903913
19 0.6735801 0.6991981 0.7232398 0.7457261 0.7666930
20 0.9001554 0.9091019 0.9172892 0.9247740 0.9316104
21 0.9373778 0.9430836 0.9482880 0.9530320 0.9573534
22 0.7656979 0.7852365 0.8033655 0.8201476 0.8356505
23 0.9351369 0.9410408 0.9464272 0.9513378 0.9558117
25 0.5614004 0.5928853 0.6229185 0.6514261 0.6783651
31 0.7730897 0.7920965 0.8097170 0.8260160 0.8410622
32 0.6889745 0.7136502 0.7367611 0.7583373 0.7784225
> efficiencies(pmisfa7,asInData = T)
  10-2011   10-2012   10-2013   10-2014   10-2015   11-2011   11-2012   11-2013   11-2014   11-2015   12-2011 
0.7475633 0.7683800 0.7877357 0.8056880 0.8223006 0.9643848 0.9676721 0.9706631 0.9733831 0.9758557 0.9770859 
  12-2012   12-2013   12-2014   12-2015   13-2011   13-2012   13-2013   13-2014   13-2015   14-2011   14-2012 
0.9792162 0.9811518 0.9829097 0.9845059 0.7460826 0.7670020 0.7864566 0.8045034 0.8212059 0.8145706 0.8304794 
  14-2013   14-2014   14-2015   15-2011   15-2012   15-2013   15-2014   15-2015   16-2011   16-2012   16-2013 
0.8451607 0.8586848 0.8711227 0.8004775 0.8174601 0.8331561 0.8476349 0.8609673 0.7501300 0.7707681 0.7899520 
  16-2014   16-2015   17-2011   17-2012   17-2013   17-2014   17-2015   18-2011   18-2012   18-2013   18-2014 
0.8077400 0.8241965 0.8045329 0.8212087 0.8366144 0.8508197 0.8638956 0.7048000 0.7284753 0.7506045 0.7712263 
  18-2015   19-2011   19-2012   19-2013   19-2014   19-2015   20-2011   20-2012   20-2013   20-2014   20-2015 
0.7903913 0.6735801 0.6991981 0.7232398 0.7457261 0.7666930 0.9001554 0.9091019 0.9172892 0.9247740 0.9316104 
  21-2011   21-2012   21-2013   21-2014   21-2015   22-2011   22-2012   22-2013   22-2014   22-2015   23-2011 
0.9373778 0.9430836 0.9482880 0.9530320 0.9573534 0.7656979 0.7852365 0.8033655 0.8201476 0.8356505 0.9351369 
  23-2012   23-2013   23-2014   23-2015   25-2011   25-2012   25-2013   25-2014   25-2015   31-2011   31-2012 
0.9410408 0.9464272 0.9513378 0.9558117 0.5614004 0.5928853 0.6229185 0.6514261 0.6783651 0.7730897 0.7920965 
  31-2013   31-2014   31-2015   32-2011   32-2012   32-2013   32-2014   32-2015 
0.8097170 0.8260160 0.8410622 0.6889745 0.7136502 0.7367611 0.7583373 0.7784225 

.............
 ELASTISITAS
.............
> elas(pmitranslog)
     LogLabour      LogaCa        LogCb         LogCc        LogCd
1   0.29633050  0.71842579  0.196411726  0.0495367519  0.022948626
2   0.45563916  0.61564167  0.187166213  0.0208522746  0.017916378
3   0.50482867  0.72356675 -0.021582884  0.1227640592  0.006467926
4   0.40781778  0.46154037  0.170861360 -0.0005999527  0.247177700
5   0.33956028  0.67195931  0.178760660  0.0555892720  0.075409430
6   0.60312046  0.09321070  0.355584809 -0.3270130830  0.068574611
7   0.53729239 -0.21973613  0.435289774 -0.3982494022  0.496902388
8   0.18127341  0.21844502  0.437095884 -0.2569734733  0.313517793
9   0.09461993  0.20116522  0.569801579 -0.2888510561  0.344933821
10  0.24009014  0.22798378  0.379922832 -0.2249213401  0.315220848
11 -0.01835584  0.16969380  0.925109245 -0.3569951380  0.315656492
12  0.14054946  0.30477371  0.839762216 -0.2896372722  0.120370203
13  0.71471513  0.72184261 -0.065992193  0.1059967296 -0.162489059
14  0.46877287  0.52341716  0.169845794 -0.0294441436  0.052967918
15  0.43865199  0.47489662  0.182930295 -0.0219887640  0.170734192
16  0.29472489  0.50674130  0.085542781 -0.0333203241  0.195953537
17  0.47132572  0.54380566  0.165920648 -0.0539980650 -0.015823759
18  0.62171163  0.41888000 -0.041014736 -0.0274346674  0.121376520
19  0.54293752  0.42321151 -0.026667894 -0.0231737894  0.172136903
20  0.42720098  0.46988867 -0.020260060  0.0074885084  0.247811152
21  0.40075112  0.26131939  0.280571337 -0.2035130301  0.185153675
22  0.70203103  0.16119059  0.203059623 -0.2084529597  0.124783708
23  0.66738743  0.29044249  0.005073671 -0.1003835006  0.155018780
24  0.59131154  0.46418859  0.046792436 -0.0578073759  0.032566720
25  0.55979959  0.24998992  0.153210228 -0.1393865813  0.228399087
26  0.47028862  0.52685948  0.343358460 -0.1202873074 -0.123417889
27  0.20085015  0.68515471  0.309641858 -0.0504469361 -0.050138539
28  0.63580995  0.71282880  0.020247515  0.0235633658 -0.253099395
29  0.66968477  0.75449621  0.023535361  0.0315705790 -0.331598409
30  0.53548665  0.47855171  0.181387516 -0.0729892918 -0.007247821
31  0.56789782  0.52327162  0.174651944 -0.0797880674 -0.109649895
32  0.50009270  0.51690138  0.123941010 -0.0526465726  0.002502560
33  0.52059635  0.55854604  0.094843216 -0.0376743618 -0.051574769
34  0.51840863  0.56935552  0.060977322 -0.0136143089 -0.018272538
35  0.58771779  0.43758578  0.105132991 -0.0642657859  0.042661448
36  0.65701257  0.37484954  0.040798795 -0.0463925084  0.110284180
37  0.37283378  0.34601331  0.083677411 -0.0527737337  0.346657503
38  0.45163940  0.41061509  0.015869820 -0.0141346999  0.264777612
39  0.51292569  0.34093503  0.078731051 -0.0559607070  0.251606119
40  0.40822806  0.36871922  0.152625100 -0.0606730838  0.271623970
41 -0.21284386  0.62063211  0.166716544 -0.0401117051  0.368411436
42  0.23633466  0.21057455  0.069988656 -0.1266794865  0.534791713
43  0.35338662  0.65910852  0.010411514 -0.0373472323 -0.094512669
44  0.42984124  0.63592071 -0.119405236  0.0251458549  0.011393285
45  0.48724252  0.54653405 -0.176883575  0.0405919806  0.145721004
46 -0.15775557  0.59263272 -0.207001091 -0.0069393456  0.400651496
47  0.03268492  0.75756158 -0.286365196  0.0635507429  0.129069153
48  0.12067195  0.90056821 -0.350504741  0.1263992448 -0.030108983
49  0.15537705  0.65001514 -0.211803841  0.0273852022  0.172233950
50  0.37973145  0.44611520 -0.106831572 -0.0734724183  0.162570992
51  0.34190597  0.58491108  0.125788524 -0.0148851110  0.065685105
52  0.34578405  0.37099549  0.023225951 -0.0021967662  0.430095566
53  0.31536996  0.53680838 -0.054021691  0.0774300917  0.346838111
54  0.31290593  0.63241321 -0.079355128  0.1065636513  0.251288159
55  0.27669804  0.48339570  0.133126073 -0.0050289452  0.303311739
56  0.06401798  0.56121627  0.386823802 -0.1491551726  0.050436168
57  0.36542499  0.33903816  0.539744116 -0.2715601700 -0.037181964
58  0.20779838  0.39335608  0.453001030 -0.2232982890  0.076825525
59  0.19440891  0.25774393  0.451763071 -0.2544998130  0.239921114
60  0.18865261  0.47477130  0.298400545 -0.1425997529  0.116087479
61  0.27198355  0.93123357 -0.272678316  0.2159553750 -0.015836757
62  0.50796343  0.23250783  0.045376191 -0.0465847626  0.463749893
63  0.63986806  0.46607703  0.045986455 -0.0307753094  0.024567581
64  0.71782921  0.50412636 -0.018938479  0.0048451357 -0.020273698
65  0.57258931  0.52331780 -0.009991426  0.0258253288  0.086788619
66  0.35299987  0.21875396  0.495940176 -0.2328337878  0.246242248
67  0.48049869  0.17957037  0.222914018 -0.1270959097  0.414679934
68  0.56238352  0.13973845  0.206048546 -0.1557165297  0.366453825
69  0.49396417  0.24996722  0.165161460 -0.1143414083  0.317662895
70  0.44748612  0.15936038  0.259144278 -0.1543850704  0.419528880
71  0.30303707 -0.01498061  0.007078522 -0.1087578030  0.863250692
72  0.36250757  0.04857745  0.004658757 -0.0889669282  0.756564973
73  0.43300415  0.36692833  0.090575230 -0.0549881210  0.264089683
74  0.24854518  0.63741491 -0.049250905  0.0705497474  0.205107610
75  0.32697202  0.54902845 -0.154361990  0.0735604165  0.308526153
76  0.37890548  0.25597144  0.528908374 -0.2512329209  0.114966788
77  0.46503873  0.40633511  0.474627848 -0.1988164767 -0.078097988
78  0.71346833  0.52430574  0.140106015 -0.0866908018 -0.222254590
79  0.65413263  0.49584505  0.117567374 -0.0795624764 -0.123135194
80  0.68762417  0.51604501  0.030810079 -0.0307929338 -0.081660695
81 -0.29793591  0.32259268  1.019238013 -0.4032656299  0.186516758
82  0.63100519  0.52836294 -0.043371819 -0.0396806592 -0.090385421
83  0.39692548  0.76676541 -0.125314477  0.0808628424 -0.075458325
84  0.52125679  0.82368075 -0.037578398  0.0439398480 -0.320293569
85  0.58626854  0.70507674 -0.027471271  0.0161947032 -0.225480242
